
> @monorepo/editor@1.0.0 build
> tsc -b && vite build

vite v4.5.14 building for production...
transforming...
✓ 1966 modules transformed.
rendering chunks...
computing gzip size...
dist/index.html                   1.12 kB │ gzip:   0.45 kB
dist/assets/index-6513dbcf.css   11.66 kB │ gzip:   3.00 kB
dist/assets/index-6d33b92f.js   785.73 kB │ gzip: 237.02 kB

(!) Some chunks are larger than 500 kBs after minification. Consider:
- Using dynamic import() to code-split the application
- Use build.rollupOptions.output.manualChunks to improve chunking: https://rollupjs.org/configuration-options/#output-manualchunks
- Adjust chunk size limit for this warning via build.chunkSizeWarningLimit.
✓ built in 8.12s
vite v4.5.14 building for production...
transforming...
✓ 2 modules transformed.
rendering chunks...
computing gzip size...
dist-electron/main.js  5.87 kB │ gzip: 2.20 kB
✓ built in 49ms
vite v4.5.14 building for production...
transforming...
✓ 1 modules transformed.
rendering chunks...
computing gzip size...
dist-electron/preload.js  0.37 kB │ gzip: 0.19 kB
✓ built in 12ms
